// Vitest Snapshot v1, https://vitest.dev/guide/snapshot.html

exports[`postgres emitter > emits a many-to-many relationship as a join table 1`] = `
"CREATE TABLE "user" (
  id INTEGER NOT NULL,
  CONSTRAINT pk_user PRIMARY KEY (id)
);

CREATE TABLE role (
  id INTEGER NOT NULL,
  CONSTRAINT pk_role PRIMARY KEY (id)
);

CREATE TABLE role_user (
  role_id INTEGER NOT NULL,
  user_id INTEGER NOT NULL,
  CONSTRAINT pk_role_user PRIMARY KEY (role_id, user_id)
);

ALTER TABLE role_user
  ADD CONSTRAINT fk_role_user_role
  FOREIGN KEY (role_id) REFERENCES role (id);

ALTER TABLE role_user
  ADD CONSTRAINT fk_role_user_user
  FOREIGN KEY (user_id) REFERENCES "user" (id);
"
`;

exports[`postgres emitter > emits a one-to-many relationship 1`] = `
"CREATE TABLE customer (
  id   INTEGER      NOT NULL,
  name VARCHAR(255) NOT NULL,
  CONSTRAINT pk_customer PRIMARY KEY (id)
);

CREATE TABLE "order" (
  id          INTEGER NOT NULL,
  placed_at   DATE    NOT NULL,
  customer_id INTEGER NOT NULL,
  CONSTRAINT pk_order PRIMARY KEY (id)
);

ALTER TABLE "order"
  ADD CONSTRAINT fk_order_customer
  FOREIGN KEY (customer_id) REFERENCES customer (id);
"
`;

exports[`postgres emitter > emits a single entity with native boolean and uuid 1`] = `
"CREATE TABLE "user" (
  id        UUID         NOT NULL,
  email     VARCHAR(255) NOT NULL,
  is_active BOOLEAN      NOT NULL,
  CONSTRAINT pk_user PRIMARY KEY (id),
  CONSTRAINT uk_user_email UNIQUE (email)
);
"
`;
